[2026-07-30 11:00:30] local.INFO: Batch update cost request {"_token":"yyzMA9LEePqEAxNa3BcdN8ENNLlHYgaTHkS2LoKM","ids":["37090","37091","37092","37093","37094","37095","37096","37097"],"cost":"4622.19"} 
[2026-07-30 11:02:08] local.INFO: Batch update cost request {"_token":"yyzMA9LEePqEAxNa3BcdN8ENNLlHYgaTHkS2LoKM","ids":["37098","37099","37100","37101","37102","37103","37104","37105"],"cost":"1449.68"} 
[2026-07-30 11:02:35] local.INFO: Batch update cost request {"_token":"yyzMA9LEePqEAxNa3BcdN8ENNLlHYgaTHkS2LoKM","ids":["37106","37107","37108","37109","37110","37111","37112","37113"],"cost":"2151.3"} 
[2026-07-30 11:03:05] local.INFO: Batch update cost request {"_token":"yyzMA9LEePqEAxNa3BcdN8ENNLlHYgaTHkS2LoKM","ids":["37114","37115","37116","37117","37118","37119","37120","37121"],"cost":"100.74"} 
[2026-07-30 11:03:39] local.INFO: Batch update cost request {"_token":"yyzMA9LEePqEAxNa3BcdN8ENNLlHYgaTHkS2LoKM","ids":["37122","37123","37124","37125","37126","37127","37128","37129","37130","37131","37132","37133","37134","37135","37136","37137"],"cost":"46.28"} 
[2026-07-30 11:04:01] local.INFO: Batch update cost request {"_token":"yyzMA9LEePqEAxNa3BcdN8ENNLlHYgaTHkS2LoKM","ids":["37138","37139","37140","37141","37142","37143","37144","37145"],"cost":"38.05"} 
[2026-07-30 11:05:09] local.INFO: Batch update cost request {"_token":"yyzMA9LEePqEAxNa3BcdN8ENNLlHYgaTHkS2LoKM","ids":["37038","37039","37040","37041","37042","37043","37044","37045","37046","37047","37048","37049","37050","37051","37052","37053","37054","37055","37056","37057","37058","37059","37060","37061","37062","37063","37064","37065","37066","37067"],"cost":"1215.11"} 
[2026-07-30 11:06:09] local.INFO: Batch update cost request {"_token":"yyzMA9LEePqEAxNa3BcdN8ENNLlHYgaTHkS2LoKM","ids":["37068","37069","37070","37071","37072","37073","37074","37075","37076","37077"],"cost":"1215.11"} 
[2026-07-30 11:08:51] local.INFO: Batch update cost request {"_token":"yyzMA9LEePqEAxNa3BcdN8ENNLlHYgaTHkS2LoKM","ids":["37078","37079","37080","37081","37082","37083","37084","37085","37086","37087"],"cost":"1161.22"} 
[2026-07-30 11:08:58] local.INFO: Batch update cost request {"_token":"yyzMA9LEePqEAxNa3BcdN8ENNLlHYgaTHkS2LoKM","ids":["37088","37089"],"cost":"1161.22"} 
[2026-07-30 11:10:25] local.INFO: Batch update cost request {"_token":"yyzMA9LEePqEAxNa3BcdN8ENNLlHYgaTHkS2LoKM","ids":["37146","37147","37148","37149","37150","37151","37152","37153","37154","37155"],"cost":"692.71"} 
[2026-07-30 11:11:06] local.INFO: Batch update cost request {"_token":"yyzMA9LEePqEAxNa3BcdN8ENNLlHYgaTHkS2LoKM","ids":["37156","37157","37158"],"cost":"1691.71"} 
[2026-07-30 11:57:17] local.INFO: Batch update cost request {"_token":"yyzMA9LEePqEAxNa3BcdN8ENNLlHYgaTHkS2LoKM","ids":["37159","37160","37161","37162","37163","37164"],"cost":"1301.21"} 
[2026-07-30 11:58:23] local.INFO: Batch update cost request {"_token":"yyzMA9LEePqEAxNa3BcdN8ENNLlHYgaTHkS2LoKM","ids":["37165","37166"],"cost":"1525.77"} 
[2026-07-30 13:09:57] local.INFO: Batch update cost request {"_token":"yyzMA9LEePqEAxNa3BcdN8ENNLlHYgaTHkS2LoKM","ids":["37172","37173","37174","37175","37176","37177","37178","37179","37180","37181","37182","37183","37184","37185","37186","37187","37188","37189","37190","37191","37192","37193","37194","37195"],"cost":"1856.05"} 
[2026-07-30 13:10:58] local.INFO: Batch update cost request {"_token":"yyzMA9LEePqEAxNa3BcdN8ENNLlHYgaTHkS2LoKM","ids":["37168","37169","37170","37171"],"cost":"分摊在头子"} 
[2026-07-30 13:12:13] local.INFO: Batch update cost request {"_token":"yyzMA9LEePqEAxNa3BcdN8ENNLlHYgaTHkS2LoKM","ids":["37196","37197"],"cost":"1681.41"} 
[2026-07-30 13:13:18] local.INFO: Batch update cost request {"_token":"yyzMA9LEePqEAxNa3BcdN8ENNLlHYgaTHkS2LoKM","ids":["37198","37199","37200","37201","37202","37203","37204","37205","37206","37207","37208","37209"],"cost":"1363.72"} 
[2026-07-30 13:14:38] local.INFO: Batch update cost request {"_token":"yyzMA9LEePqEAxNa3BcdN8ENNLlHYgaTHkS2LoKM","ids":["37212","37213","37214","37215","37216","37217","37218","37219","37220","37221","37222","37223","37224","37225","37226","37227","37228","37229","37230","37231"],"cost":"266.26"} 
[2026-07-30 13:16:20] local.INFO: Batch update cost request {"_token":"yyzMA9LEePqEAxNa3BcdN8ENNLlHYgaTHkS2LoKM","ids":["37232","37233","37234","37235","37236","37237","37238","37239","37240","37241"],"cost":"2001.84"} 
[2026-07-30 13:19:08] local.INFO: Batch update cost request {"_token":"yyzMA9LEePqEAxNa3BcdN8ENNLlHYgaTHkS2LoKM","ids":["37242","37243","37244","37245","37246","37247","37248","37249","37250","37251"],"cost":"2126.43"} 
[2026-07-30 13:19:17] local.INFO: Batch update cost request {"_token":"yyzMA9LEePqEAxNa3BcdN8ENNLlHYgaTHkS2LoKM","ids":["37252","37253"],"cost":"2126.43"} 
[2026-07-30 13:20:10] local.INFO: Batch update cost request {"_token":"yyzMA9LEePqEAxNa3BcdN8ENNLlHYgaTHkS2LoKM","ids":["37266","37267","37268","37269","37270","37271","37272","37273","37274","37275"],"cost":"1933.25"} 
[2026-07-30 13:20:21] local.INFO: Batch update cost request {"_token":"yyzMA9LEePqEAxNa3BcdN8ENNLlHYgaTHkS2LoKM","ids":["37276","37277"],"cost":"1933.25"} 
[2026-07-30 13:20:34] local.INFO: Batch update cost request {"_token":"yyzMA9LEePqEAxNa3BcdN8ENNLlHYgaTHkS2LoKM","ids":["37278","37279","37280","37281","37282","37283","37284","37285","37286","37287"],"cost":"100.74"} 
[2026-07-30 13:20:41] local.INFO: Batch update cost request {"_token":"yyzMA9LEePqEAxNa3BcdN8ENNLlHYgaTHkS2LoKM","ids":["37288","37289"],"cost":"100.74"} 
[2026-07-30 13:22:07] local.INFO: Batch update cost request {"_token":"yyzMA9LEePqEAxNa3BcdN8ENNLlHYgaTHkS2LoKM","ids":["37210","37211"],"cost":"5398.23"} 
[2026-07-30 13:22:51] local.INFO: Batch update cost request {"_token":"yyzMA9LEePqEAxNa3BcdN8ENNLlHYgaTHkS2LoKM","ids":["37298","37299","37300"],"cost":"855.75"} 
[2026-07-30 13:24:28] local.INFO: Batch update cost request {"_token":"yyzMA9LEePqEAxNa3BcdN8ENNLlHYgaTHkS2LoKM","ids":["37290"],"cost":"3911.59"} 
[2026-07-30 13:25:35] local.INFO: Batch update cost request {"_token":"yyzMA9LEePqEAxNa3BcdN8ENNLlHYgaTHkS2LoKM","ids":["37294","37295"],"cost":"46.28"} 
[2026-07-30 13:29:47] local.INFO: Batch update cost request {"_token":"yyzMA9LEePqEAxNa3BcdN8ENNLlHYgaTHkS2LoKM","ids":["37308","37309","37310","37311","37312","37313","37314","37315","37316","37317","37318","37319"],"cost":"122.12"} 
[2026-07-30 13:30:13] local.INFO: Batch update cost request {"_token":"yyzMA9LEePqEAxNa3BcdN8ENNLlHYgaTHkS2LoKM","ids":["37320","37321","37322","37323","37324","37325"],"cost":"122.12"} 
[2026-07-30 13:50:10] local.INFO: Batch update cost request {"_token":"yyzMA9LEePqEAxNa3BcdN8ENNLlHYgaTHkS2LoKM","ids":["37302","37303","37304","37305","37306","37307"],"cost":"115.045"} 
[2026-07-30 14:26:16] local.INFO: Batch update cost request {"_token":"yyzMA9LEePqEAxNa3BcdN8ENNLlHYgaTHkS2LoKM","ids":["37327","37328"],"cost":"336.28"} 
