[2026-08-03 14:08:06] local.INFO: Batch update cost request {"_token":"9WXbJgyP5Qld2FMYnSg6rDzlXOCgesuOziZFpyvB","ids":["37378","37379","37380","37381","37382","37383","37384","37385","37386","37387","37388","37389","37390","37391","37392","37393","37394","37395","37396","37397"],"cost":"247.19"} 
[2026-08-03 14:09:47] local.INFO: Batch update cost request {"_token":"9WXbJgyP5Qld2FMYnSg6rDzlXOCgesuOziZFpyvB","ids":["37366","37367","37368","37369","37370","37371","37372","37373","37374","37375","37376","37377"],"cost":"1841.11"} 
[2026-08-03 14:10:42] local.INFO: Batch update cost request {"_token":"9WXbJgyP5Qld2FMYnSg6rDzlXOCgesuOziZFpyvB","ids":["37357","37358","37359"],"cost":"1325.47"} 
[2026-08-03 14:14:49] local.INFO: Batch update cost request {"_token":"9WXbJgyP5Qld2FMYnSg6rDzlXOCgesuOziZFpyvB","ids":["37361","37362","37363"],"cost":"293.81"} 
[2026-08-03 14:23:53] local.INFO: Batch update cost request {"_token":"9WXbJgyP5Qld2FMYnSg6rDzlXOCgesuOziZFpyvB","ids":["37398","37399","37400","37401","37402","37403","37404","37405","37406","37407"],"cost":"2244.78"} 
[2026-08-03 14:25:02] local.INFO: Batch update cost request {"_token":"9WXbJgyP5Qld2FMYnSg6rDzlXOCgesuOziZFpyvB","ids":["37408","37409","37410","37411","37412","37413","37414","37415","37416","37417"],"cost":"1198.69"} 
[2026-08-03 14:25:43] local.INFO: Batch update cost request {"_token":"9WXbJgyP5Qld2FMYnSg6rDzlXOCgesuOziZFpyvB","ids":["37418","37419","37420","37421","37422","37423","37424","37425","37426","37427","37428","37429","37430","37431","37432","37433","37434","37435","37436","37437"],"cost":"46.28"} 
[2026-08-03 14:26:16] local.INFO: Batch update cost request {"_token":"9WXbJgyP5Qld2FMYnSg6rDzlXOCgesuOziZFpyvB","ids":["37438","37439","37440","37441","37442","37443","37444","37445","37446","37447"],"cost":"38.05"} 
[2026-08-03 14:28:17] local.INFO: Batch update cost request {"_token":"9WXbJgyP5Qld2FMYnSg6rDzlXOCgesuOziZFpyvB","ids":["37448","37449","37450","37451","37452","37453","37454"],"cost":"2632.39"} 
[2026-08-03 14:28:45] local.INFO: Batch update cost request {"_token":"9WXbJgyP5Qld2FMYnSg6rDzlXOCgesuOziZFpyvB","ids":["37455","37456","37457","37458","37459","37460","37461"],"cost":"2632.39"} 
[2026-08-03 14:29:14] local.INFO: Batch update cost request {"_token":"9WXbJgyP5Qld2FMYnSg6rDzlXOCgesuOziZFpyvB","ids":["37462","37463","37464","37465","37466","37467","37468"],"cost":"100.74"} 
[2026-08-03 14:30:48] local.INFO: Batch update cost request {"_token":"9WXbJgyP5Qld2FMYnSg6rDzlXOCgesuOziZFpyvB","ids":["37455","37456","37457","37458","37459","37460","37461"],"cost":"1933.25"} 
[2026-08-03 14:34:28] local.INFO: Batch update cost request {"_token":"9WXbJgyP5Qld2FMYnSg6rDzlXOCgesuOziZFpyvB","ids":["37333","37334","37335"],"cost":"6520.12"} 
[2026-08-03 14:36:26] local.INFO: Batch update cost request {"_token":"9WXbJgyP5Qld2FMYnSg6rDzlXOCgesuOziZFpyvB","ids":["37336","37337","37338"],"cost":"2039.82"} 
[2026-08-03 14:36:44] local.INFO: Batch update cost request {"_token":"9WXbJgyP5Qld2FMYnSg6rDzlXOCgesuOziZFpyvB","ids":["37339","37340","37341"],"cost":"5331.98"} 
[2026-08-03 14:37:16] local.INFO: Batch update cost request {"_token":"9WXbJgyP5Qld2FMYnSg6rDzlXOCgesuOziZFpyvB","ids":["37342","37343","37344"],"cost":"1506.03"} 
[2026-08-03 14:37:59] local.INFO: Batch update cost request {"_token":"9WXbJgyP5Qld2FMYnSg6rDzlXOCgesuOziZFpyvB","ids":["37348","37349","37350","37351","37352","37353"],"cost":"46.28"} 
[2026-08-03 14:38:18] local.INFO: Batch update cost request {"_token":"9WXbJgyP5Qld2FMYnSg6rDzlXOCgesuOziZFpyvB","ids":["37354","37355","37356"],"cost":"38.05"} 
[2026-08-03 14:48:28] local.INFO: Batch update cost request {"_token":"9WXbJgyP5Qld2FMYnSg6rDzlXOCgesuOziZFpyvB","ids":["37345","37346","37347"],"cost":"100.74"} 
[2026-08-03 15:17:52] local.INFO: Batch update cost request {"_token":"9WXbJgyP5Qld2FMYnSg6rDzlXOCgesuOziZFpyvB","ids":["37469","37470","37471","37472"],"cost":"2022.12"} 
[2026-08-03 15:18:03] local.INFO: Batch update cost request {"_token":"9WXbJgyP5Qld2FMYnSg6rDzlXOCgesuOziZFpyvB","ids":["37473","37474","37475","37476"],"cost":"2022.12"} 
[2026-08-03 15:20:49] local.INFO: Batch update cost request {"_token":"9WXbJgyP5Qld2FMYnSg6rDzlXOCgesuOziZFpyvB","ids":["37479","37480","37481","37482","37483","37484","37485","37486","37487","37488","37489","37490"],"cost":"926.02"} 
[2026-08-03 15:21:15] local.INFO: Batch update cost request {"_token":"9WXbJgyP5Qld2FMYnSg6rDzlXOCgesuOziZFpyvB","ids":["37491","37492","37493","37494"],"cost":"858.63"} 
[2026-08-03 15:21:45] local.INFO: Batch update cost request {"_token":"9WXbJgyP5Qld2FMYnSg6rDzlXOCgesuOziZFpyvB","ids":["37495","37496"],"cost":"1000.88"} 
[2026-08-03 15:22:28] local.INFO: Batch update deleted_at request {"_token":"9WXbJgyP5Qld2FMYnSg6rDzlXOCgesuOziZFpyvB","ids":["37364","37365"],"deleted_at":null} 
[2026-08-03 15:22:37] local.INFO: Batch update deleted_at request {"_token":"9WXbJgyP5Qld2FMYnSg6rDzlXOCgesuOziZFpyvB","ids":["37364","37365"],"deleted_at":null} 
[2026-08-03 15:22:56] local.INFO: Batch update deleted_at request {"_token":"9WXbJgyP5Qld2FMYnSg6rDzlXOCgesuOziZFpyvB","ids":["37364","37365"],"deleted_at":null} 
[2026-08-03 15:23:23] local.INFO: Batch update cost request {"_token":"9WXbJgyP5Qld2FMYnSg6rDzlXOCgesuOziZFpyvB","ids":["37364","37365"],"cost":"分摊在头子"} 
