[2026-07-10 14:02:49] local.INFO: Batch update cost request {"_token":"G7bbgDAaW3HSy07bL6tPNAWvQF8YwDiQ0NUq2XAr","ids":["36731","36732"],"cost":"2979.96"} 
[2026-07-10 14:04:13] local.INFO: Batch update cost request {"_token":"G7bbgDAaW3HSy07bL6tPNAWvQF8YwDiQ0NUq2XAr","ids":["36849","36850","36851"],"cost":"820.81"} 
[2026-07-10 14:07:03] local.INFO: Batch update cost request {"_token":"G7bbgDAaW3HSy07bL6tPNAWvQF8YwDiQ0NUq2XAr","ids":["36733","36734"],"cost":"3111.35"} 
[2026-07-10 14:07:20] local.INFO: Batch update cost request {"_token":"G7bbgDAaW3HSy07bL6tPNAWvQF8YwDiQ0NUq2XAr","ids":["36735","36736"],"cost":"3663.87"} 
[2026-07-10 14:30:59] local.INFO: Batch update cost request {"_token":"G7bbgDAaW3HSy07bL6tPNAWvQF8YwDiQ0NUq2XAr","ids":["36739","36740"],"cost":"1933.25"} 
[2026-07-10 14:31:09] local.INFO: Batch update cost request {"_token":"G7bbgDAaW3HSy07bL6tPNAWvQF8YwDiQ0NUq2XAr","ids":["36741","36742"],"cost":"100.74"} 
[2026-07-10 14:38:17] local.INFO: Batch update cost request {"_token":"G7bbgDAaW3HSy07bL6tPNAWvQF8YwDiQ0NUq2XAr","ids":["36743","36744","36745","36746","36747","36748"],"cost":"3142.56"} 
[2026-07-10 14:38:58] local.INFO: Batch update cost request {"_token":"G7bbgDAaW3HSy07bL6tPNAWvQF8YwDiQ0NUq2XAr","ids":["36749","36750","36751","36752","36753","36754"],"cost":"1933.25"} 
[2026-07-10 14:39:45] local.INFO: Batch update cost request {"_token":"G7bbgDAaW3HSy07bL6tPNAWvQF8YwDiQ0NUq2XAr","ids":["36755","36756","36757","36758","36759","36760"],"cost":"1261.08"} 
[2026-07-10 14:41:09] local.INFO: Batch update cost request {"_token":"G7bbgDAaW3HSy07bL6tPNAWvQF8YwDiQ0NUq2XAr","ids":["36761","36762","36763","36764","36765","36766","36767","36768","36769","36770"],"cost":"46.28"} 
[2026-07-10 14:41:27] local.INFO: Batch update cost request {"_token":"G7bbgDAaW3HSy07bL6tPNAWvQF8YwDiQ0NUq2XAr","ids":["36771","36772"],"cost":"46.28"} 
[2026-07-10 14:41:53] local.INFO: Batch update cost request {"_token":"G7bbgDAaW3HSy07bL6tPNAWvQF8YwDiQ0NUq2XAr","ids":["36773","36774","36775","36776","36777","36778"],"cost":"38.05"} 
[2026-07-10 14:42:15] local.INFO: Batch update cost request {"_token":"G7bbgDAaW3HSy07bL6tPNAWvQF8YwDiQ0NUq2XAr","ids":["36779","36780","36781","36782","36783","36784"],"cost":"100.74"} 
[2026-07-10 15:37:50] local.INFO: Batch update cost request {"_token":"G7bbgDAaW3HSy07bL6tPNAWvQF8YwDiQ0NUq2XAr","ids":["36786","36787","36788","36789","36790","36791"],"cost":"3902.32"} 
[2026-07-10 15:39:42] local.INFO: Batch update cost request {"_token":"G7bbgDAaW3HSy07bL6tPNAWvQF8YwDiQ0NUq2XAr","ids":["36801","36802","36803","36804","36805","36806"],"cost":"1933.25"} 
[2026-07-10 15:40:12] local.INFO: Batch update cost request {"_token":"G7bbgDAaW3HSy07bL6tPNAWvQF8YwDiQ0NUq2XAr","ids":["36809","36810","36811","36812","36813","36814"],"cost":"3734.65"} 
[2026-07-10 15:41:09] local.INFO: Batch update cost request {"_token":"G7bbgDAaW3HSy07bL6tPNAWvQF8YwDiQ0NUq2XAr","ids":["36817","36818","36819","36820","36825","36826","36827","36828"],"cost":"46.28"} 
[2026-07-10 15:41:35] local.INFO: Batch update cost request {"_token":"G7bbgDAaW3HSy07bL6tPNAWvQF8YwDiQ0NUq2XAr","ids":["36833","36834","36835","36836","36837","36838"],"cost":"38.05"} 
[2026-07-10 15:41:58] local.INFO: Batch update cost request {"_token":"G7bbgDAaW3HSy07bL6tPNAWvQF8YwDiQ0NUq2XAr","ids":["36841","36842","36843","36844","36845","36846"],"cost":"100.74"} 
[2026-07-10 15:45:00] local.INFO: Batch update cost request {"_token":"G7bbgDAaW3HSy07bL6tPNAWvQF8YwDiQ0NUq2XAr","ids":["36795","36796","36797","36798","36799","36800"],"cost":"1261.08"} 
[2026-07-10 15:45:17] local.INFO: Batch update cost request {"_token":"G7bbgDAaW3HSy07bL6tPNAWvQF8YwDiQ0NUq2XAr","ids":["36823","36824","36831","36832"],"cost":"46.28"} 
[2026-07-10 15:52:26] local.INFO: Batch update cost request {"_token":"G7bbgDAaW3HSy07bL6tPNAWvQF8YwDiQ0NUq2XAr","ids":["36864","36865"],"cost":"100.74"} 
[2026-07-10 15:52:52] local.INFO: Batch update cost request {"_token":"G7bbgDAaW3HSy07bL6tPNAWvQF8YwDiQ0NUq2XAr","ids":["36866","36867","36868","36869"],"cost":"46.28"} 
[2026-07-10 15:53:12] local.INFO: Batch update cost request {"_token":"G7bbgDAaW3HSy07bL6tPNAWvQF8YwDiQ0NUq2XAr","ids":["36870","36871"],"cost":"38.05"} 
[2026-07-10 15:54:56] local.INFO: Batch update cost request {"_token":"G7bbgDAaW3HSy07bL6tPNAWvQF8YwDiQ0NUq2XAr","ids":["36858","36859"],"cost":"1414.27"} 
[2026-07-10 15:55:12] local.INFO: Batch update cost request {"_token":"G7bbgDAaW3HSy07bL6tPNAWvQF8YwDiQ0NUq2XAr","ids":["36860","36861"],"cost":"3840.21"} 
[2026-07-10 15:55:28] local.INFO: Batch update cost request {"_token":"G7bbgDAaW3HSy07bL6tPNAWvQF8YwDiQ0NUq2XAr","ids":["36862","36863"],"cost":"2061.56"} 
[2026-07-10 16:07:14] local.INFO: Batch update cost request {"_token":"G7bbgDAaW3HSy07bL6tPNAWvQF8YwDiQ0NUq2XAr","ids":["36459","36460","36465","36640","36641","36642","36643","36644","36645"],"cost":"1842.05"} 
[2026-07-10 16:07:36] local.INFO: Batch update cost request {"_token":"G7bbgDAaW3HSy07bL6tPNAWvQF8YwDiQ0NUq2XAr","ids":["36637","36638","36639"],"cost":"1842.05"} 
[2026-07-10 16:26:41] local.INFO: Batch update cost request {"_token":"G7bbgDAaW3HSy07bL6tPNAWvQF8YwDiQ0NUq2XAr","ids":["32259","32260","32261","36634","36635","36636"],"cost":"1129.83"} 
[2026-07-10 16:28:22] local.INFO: Batch update cost request {"_token":"G7bbgDAaW3HSy07bL6tPNAWvQF8YwDiQ0NUq2XAr","ids":["32259","32260","32261","36634","36635","36636"],"cost":"1756.19"} 
[2026-07-10 16:43:38] local.INFO: Batch update cost request {"_token":"G7bbgDAaW3HSy07bL6tPNAWvQF8YwDiQ0NUq2XAr","ids":["32259","32260","32261","32808","32810","32813","33322","33323","33324","33325","33326","33327","33328","33329","33330","33331","33332","33333","33334","33335","33336","33337","33338","33339","33340","33341","33342","33343","33345","33346","33347","33348","33350","33352","33353","33354","33355","33356","33357","33358","33359","33360","36634","36635","36636"],"cost":"0"} 
[2026-07-10 16:44:00] local.INFO: Batch update cost request {"_token":"G7bbgDAaW3HSy07bL6tPNAWvQF8YwDiQ0NUq2XAr","ids":["32809","32811","32812","32814","32815","32816","32817","32818","32819","32821","32822","32823","32824","32825","32826","33344","33349","33351"],"cost":"0"} 
[2026-07-10 16:44:32] local.INFO: Batch update cost request {"_token":"G7bbgDAaW3HSy07bL6tPNAWvQF8YwDiQ0NUq2XAr","ids":["32265","32266","32267","32268","32269","32270","32820","32827","32828","32829","32830","32831","33283","33284","33285","33286","33287","33288","33289","33290","33291","33292","33293","33294","33295","33296","33297","33298","33299","33300","33301","33302","33303","33304","33305","33306","33307","33308","33309","33310","33311","33312","33313","33314","33315","33316","33317","33318","33319","33320","33321"],"cost":"0"} 
[2026-07-10 16:46:15] local.INFO: Batch update cost request {"_token":"G7bbgDAaW3HSy07bL6tPNAWvQF8YwDiQ0NUq2XAr","ids":["32265","32266","33283","33284","33285","33286","33287","33288","33289","33290"],"cost":"1756.19"} 
[2026-07-10 16:46:28] local.INFO: Batch update cost request {"_token":"G7bbgDAaW3HSy07bL6tPNAWvQF8YwDiQ0NUq2XAr","ids":["32267","32268","32269","33291","33292"],"cost":"1756.19"} 
[2026-07-10 16:46:44] local.INFO: Batch update cost request {"_token":"G7bbgDAaW3HSy07bL6tPNAWvQF8YwDiQ0NUq2XAr","ids":["32259","32260","32261","32808","32810","33322","33323","36634","36635","36636"],"cost":"1756.19"} 
[2026-07-10 16:46:56] local.INFO: Batch update cost request {"_token":"G7bbgDAaW3HSy07bL6tPNAWvQF8YwDiQ0NUq2XAr","ids":["32813","33324","33325","33326","33327"],"cost":"1756.19"} 
[2026-07-10 16:48:02] local.INFO: Batch update cost request {"_token":"G7bbgDAaW3HSy07bL6tPNAWvQF8YwDiQ0NUq2XAr","ids":["33328","33329","33330","33331","33332","33333","33334","33335","33336","33337","33338","33339","33340","33341","33342","33343","33345","33346","33347","33348","33350","33352","33353","33354","33355","33356","33357","33358","33359","33360"],"cost":"1513.75"} 
[2026-07-10 16:48:16] local.INFO: Batch update cost request {"_token":"G7bbgDAaW3HSy07bL6tPNAWvQF8YwDiQ0NUq2XAr","ids":["32270","33293","33294","33295","33296","33297","33298","33299","33300","33301","33302","33303","33304","33305","33306","33307","33308","33309","33310","33311","33312","33313","33314","33315","33316","33317","33318","33319","33320","33321"],"cost":"1513.75"} 
[2026-07-10 16:50:47] local.INFO: Batch update cost request {"_token":"G7bbgDAaW3HSy07bL6tPNAWvQF8YwDiQ0NUq2XAr","ids":["32809","32811","32812","32814","32815","32816","32817","32818","32819","33344","33349","33351"],"cost":"1129.83"} 
[2026-07-10 16:51:08] local.INFO: Batch update cost request {"_token":"G7bbgDAaW3HSy07bL6tPNAWvQF8YwDiQ0NUq2XAr","ids":["32821","32822","32823","32824","32825","32826"],"cost":"1129.83"} 
[2026-07-10 16:51:26] local.INFO: Batch update cost request {"_token":"G7bbgDAaW3HSy07bL6tPNAWvQF8YwDiQ0NUq2XAr","ids":["32820","32827","32828","32829","32830","32831"],"cost":"1129.83"} 
[2026-07-10 17:01:41] local.INFO: Batch update cost request {"_token":"G7bbgDAaW3HSy07bL6tPNAWvQF8YwDiQ0NUq2XAr","ids":["36526","36527","36528","36529","36530","36531","36532","36534","36535","36536","36537","36538","36539","36540","36541","36542","36543","36544","36545","36546","36547","36548","36549","36550","36551","36552","36553","36554","36555","36556","36557","36558","36559","36560","36561","36562","36563","36564"],"cost":"0"} 
[2026-07-10 17:01:53] local.INFO: Batch update cost request {"_token":"G7bbgDAaW3HSy07bL6tPNAWvQF8YwDiQ0NUq2XAr","ids":["32853","32854","32855","33910","33911","33912","33913","33914","33915","33929","33930","33931","33932","33933","33934","34240","34241","34242","36411","36412","36413","36414","36415","36416","36418","36419","36420","36421","36422","36423","36426","36427","36432","36433","36434","36436","36444","36445","36464","36533"],"cost":"0"} 
[2026-07-10 17:03:06] local.INFO: Batch update cost request {"_token":"G7bbgDAaW3HSy07bL6tPNAWvQF8YwDiQ0NUq2XAr","ids":["32853","32854","32855","33910","33911","33912","36411","36412","36413","36418","36419","36420","36426","36427","36464"],"cost":"1804.98"} 
[2026-07-10 17:04:48] local.INFO: Batch update cost request {"_token":"G7bbgDAaW3HSy07bL6tPNAWvQF8YwDiQ0NUq2XAr","ids":["33913","33914","33915","36414","36415","36416","36421","36422","36423","36432","36433","36434","36436","36444","36445"],"cost":"1804.98"} 
[2026-07-10 17:05:34] local.INFO: Batch update cost request {"_token":"G7bbgDAaW3HSy07bL6tPNAWvQF8YwDiQ0NUq2XAr","ids":["33932","33933","33934","34240","34241","34242"],"cost":"1555.8"} 
[2026-07-10 17:06:54] local.INFO: Batch update cost request {"_token":"G7bbgDAaW3HSy07bL6tPNAWvQF8YwDiQ0NUq2XAr","ids":["36547","36548","36549","36550","36551","36552","36553","36554","36555","36556"],"cost":"1555.8"} 
[2026-07-10 17:07:22] local.INFO: Batch update cost request {"_token":"G7bbgDAaW3HSy07bL6tPNAWvQF8YwDiQ0NUq2XAr","ids":["36547","36548","36557","36558","36559","36560","36561","36562","36563","36564"],"cost":"1555.8"} 
[2026-07-10 17:07:51] local.INFO: Batch update cost request {"_token":"G7bbgDAaW3HSy07bL6tPNAWvQF8YwDiQ0NUq2XAr","ids":["33929","33930","33931","36533"],"cost":"155.8"} 
[2026-07-10 17:08:03] local.INFO: Batch update cost request {"_token":"G7bbgDAaW3HSy07bL6tPNAWvQF8YwDiQ0NUq2XAr","ids":["33929","33930","33931","36533"],"cost":"1555.8"} 
