[2026-09-28 16:19:32] local.ERROR: file_put_contents(/var/www/morechina/storage/framework/views/cb2bb1e4f6c437ecd2a4af812cf65cf9cd3aea4c.php): failed to open stream: Permission denied {"exception":"[object] (ErrorException(code: 0): file_put_contents(/var/www/morechina/storage/framework/views/cb2bb1e4f6c437ecd2a4af812cf65cf9cd3aea4c.php): failed to open stream: Permission denied at /var/www/morechina/vendor/laravel/framework/src/Illuminate/Filesystem/Filesystem.php:122)
[stacktrace]
#0 [internal function]: Illuminate\\Foundation\\Bootstrap\\HandleExceptions->handleError(2, 'file_put_conten...', '/var/www/morech...', 122, Array)
#1 /var/www/morechina/vendor/laravel/framework/src/Illuminate/Filesystem/Filesystem.php(122): file_put_contents('/var/www/morech...', '\\
\\
<?php $__en...', 0)
#2 /var/www/morechina/vendor/laravel/framework/src/Illuminate/View/Compilers/BladeCompiler.php(122): Illuminate\\Filesystem\\Filesystem->put('/var/www/morech...', '\\
\\
<?php $__en...')
#3 /var/www/morechina/vendor/laravel/framework/src/Illuminate/Foundation/Console/ViewCacheCommand.php(51): Illuminate\\View\\Compilers\\BladeCompiler->compile('/var/www/morech...')
#4 [internal function]: Illuminate\\Foundation\\Console\\ViewCacheCommand->Illuminate\\Foundation\\Console\\{closure}(Object(Symfony\\Component\\Finder\\SplFileInfo), '/var/www/morech...')
#5 /var/www/morechina/vendor/laravel/framework/src/Illuminate/Support/Collection.php(1034): array_map(Object(Closure), Array, Array)
#6 /var/www/morechina/vendor/laravel/framework/src/Illuminate/Foundation/Console/ViewCacheCommand.php(52): Illuminate\\Support\\Collection->map(Object(Closure))
#7 /var/www/morechina/vendor/laravel/framework/src/Illuminate/Foundation/Console/ViewCacheCommand.php(34): Illuminate\\Foundation\\Console\\ViewCacheCommand->compileViews(Object(Illuminate\\Support\\Collection))
#8 /var/www/morechina/vendor/laravel/framework/src/Illuminate/Support/Collection.php(419): Illuminate\\Foundation\\Console\\ViewCacheCommand->Illuminate\\Foundation\\Console\\{closure}('/var/www/morech...', 0)
#9 /var/www/morechina/vendor/laravel/framework/src/Illuminate/Foundation/Console/ViewCacheCommand.php(35): Illuminate\\Support\\Collection->each(Object(Closure))
#10 [internal function]: Illuminate\\Foundation\\Console\\ViewCacheCommand->handle()
#11 /var/www/morechina/vendor/laravel/framework/src/Illuminate/Container/BoundMethod.php(29): call_user_func_array(Array, Array)
#12 /var/www/morechina/vendor/laravel/framework/src/Illuminate/Container/BoundMethod.php(87): Illuminate\\Container\\BoundMethod::Illuminate\\Container\\{closure}()
#13 /var/www/morechina/vendor/laravel/framework/src/Illuminate/Container/BoundMethod.php(31): Illuminate\\Container\\BoundMethod::callBoundMethod(Object(Illuminate\\Foundation\\Application), Array, Object(Closure))
#14 /var/www/morechina/vendor/laravel/framework/src/Illuminate/Container/Container.php(572): Illuminate\\Container\\BoundMethod::call(Object(Illuminate\\Foundation\\Application), Array, Array, NULL)
#15 /var/www/morechina/vendor/laravel/framework/src/Illuminate/Console/Command.php(183): Illuminate\\Container\\Container->call(Array)
#16 /var/www/morechina/vendor/symfony/console/Command/Command.php(255): Illuminate\\Console\\Command->execute(Object(Symfony\\Component\\Console\\Input\\ArgvInput), Object(Illuminate\\Console\\OutputStyle))
#17 /var/www/morechina/vendor/laravel/framework/src/Illuminate/Console/Command.php(170): Symfony\\Component\\Console\\Command\\Command->run(Object(Symfony\\Component\\Console\\Input\\ArgvInput), Object(Illuminate\\Console\\OutputStyle))
#18 /var/www/morechina/vendor/symfony/console/Application.php(1021): Illuminate\\Console\\Command->run(Object(Symfony\\Component\\Console\\Input\\ArgvInput), Object(Symfony\\Component\\Console\\Output\\ConsoleOutput))
#19 /var/www/morechina/vendor/symfony/console/Application.php(275): Symfony\\Component\\Console\\Application->doRunCommand(Object(Illuminate\\Foundation\\Console\\ViewCacheCommand), Object(Symfony\\Component\\Console\\Input\\ArgvInput), Object(Symfony\\Component\\Console\\Output\\ConsoleOutput))
#20 /var/www/morechina/vendor/symfony/console/Application.php(149): Symfony\\Component\\Console\\Application->doRun(Object(Symfony\\Component\\Console\\Input\\ArgvInput), Object(Symfony\\Component\\Console\\Output\\ConsoleOutput))
#21 /var/www/morechina/vendor/laravel/framework/src/Illuminate/Console/Application.php(89): Symfony\\Component\\Console\\Application->run(Object(Symfony\\Component\\Console\\Input\\ArgvInput), Object(Symfony\\Component\\Console\\Output\\ConsoleOutput))
#22 /var/www/morechina/vendor/laravel/framework/src/Illuminate/Foundation/Console/Kernel.php(122): Illuminate\\Console\\Application->run(Object(Symfony\\Component\\Console\\Input\\ArgvInput), Object(Symfony\\Component\\Console\\Output\\ConsoleOutput))
#23 /var/www/morechina/artisan(37): Illuminate\\Foundation\\Console\\Kernel->handle(Object(Symfony\\Component\\Console\\Input\\ArgvInput), Object(Symfony\\Component\\Console\\Output\\ConsoleOutput))
#24 {main}
"} 
