[2026-07-15 14:54:32] local.INFO: Batch update cost request {"_token":"rDjnl4JN02cLhhFB8eOHyhJhwuhd9esxEd4kYb36","ids":["36875","36876","36877","36878","36879"],"cost":"1396.83"} 
[2026-07-15 14:55:35] local.INFO: Batch update cost request {"_token":"rDjnl4JN02cLhhFB8eOHyhJhwuhd9esxEd4kYb36","ids":["36880","36881","36882","36883","36884","36885","36886","36887","36888","36889"],"cost":"5245.22"} 
[2026-07-15 14:56:37] local.INFO: Batch update cost request {"_token":"rDjnl4JN02cLhhFB8eOHyhJhwuhd9esxEd4kYb36","ids":["36894","36895","36896","36897"],"cost":"820.81"} 
[2026-07-15 14:58:25] local.INFO: Batch update cost request {"_token":"rDjnl4JN02cLhhFB8eOHyhJhwuhd9esxEd4kYb36","ids":["36898","36899"],"cost":"914.7"} 
[2026-07-15 14:58:59] local.INFO: Batch update cost request {"_token":"rDjnl4JN02cLhhFB8eOHyhJhwuhd9esxEd4kYb36","ids":["36900","36901","36902"],"cost":"1630.09"} 
[2026-07-15 15:01:27] local.INFO: Batch update cost request {"_token":"rDjnl4JN02cLhhFB8eOHyhJhwuhd9esxEd4kYb36","ids":["36903","36904","36905","36906","36907","36908"],"cost":"2205.19"} 
[2026-07-15 15:02:26] local.INFO: Batch update cost request {"_token":"rDjnl4JN02cLhhFB8eOHyhJhwuhd9esxEd4kYb36","ids":["36909","36910","36911","36912","36913","36914"],"cost":"1261.08"} 
[2026-07-15 15:02:56] local.INFO: Batch update cost request {"_token":"rDjnl4JN02cLhhFB8eOHyhJhwuhd9esxEd4kYb36","ids":["36915","36916","36917","36918","36919","36920","36921","36922","36923","36924"],"cost":"46.28"} 
[2026-07-15 15:03:07] local.INFO: Batch update cost request {"_token":"rDjnl4JN02cLhhFB8eOHyhJhwuhd9esxEd4kYb36","ids":["36925","36926"],"cost":"46.28"} 
[2026-07-15 15:03:25] local.INFO: Batch update cost request {"_token":"rDjnl4JN02cLhhFB8eOHyhJhwuhd9esxEd4kYb36","ids":["36927","36928","36929","36930","36931","36932"],"cost":"57.24"} 
[2026-07-15 15:04:07] local.INFO: Batch update cost request {"_token":"rDjnl4JN02cLhhFB8eOHyhJhwuhd9esxEd4kYb36","ids":["36933","36934","36935","36936","36937","36938"],"cost":"38.05"} 
[2026-07-15 15:06:09] local.INFO: Batch update cost request {"_token":"rDjnl4JN02cLhhFB8eOHyhJhwuhd9esxEd4kYb36","ids":["36939","36940","36941","36942","36943","36944","36945","36946","36947","36948"],"cost":"1249.9"} 
[2026-07-15 15:06:19] local.INFO: Batch update cost request {"_token":"rDjnl4JN02cLhhFB8eOHyhJhwuhd9esxEd4kYb36","ids":["36949","36950"],"cost":"1249.9"} 
[2026-07-15 15:06:49] local.INFO: Batch update cost request {"_token":"rDjnl4JN02cLhhFB8eOHyhJhwuhd9esxEd4kYb36","ids":["36951","36952","36953","36954","36955","36956","36957","36958","36959","36960"],"cost":"1261.08"} 
[2026-07-15 15:07:09] local.INFO: Batch update cost request {"_token":"rDjnl4JN02cLhhFB8eOHyhJhwuhd9esxEd4kYb36","ids":["36961","36962"],"cost":"1261.08"} 
[2026-07-15 15:07:33] local.INFO: Batch update cost request {"_token":"rDjnl4JN02cLhhFB8eOHyhJhwuhd9esxEd4kYb36","ids":["36963","36964","36965","36966","36967","36968","36969","36970","36971","36972"],"cost":"46.28"} 
[2026-07-15 15:11:46] local.INFO: Batch update cost request {"_token":"rDjnl4JN02cLhhFB8eOHyhJhwuhd9esxEd4kYb36","ids":["36973","36974","36975","36976","36977","36978","36979","36980","36981","36982"],"cost":"46.28"} 
[2026-07-15 15:11:58] local.INFO: Batch update cost request {"_token":"rDjnl4JN02cLhhFB8eOHyhJhwuhd9esxEd4kYb36","ids":["36983","36984","36985","36986"],"cost":"46.28"} 
[2026-07-15 15:12:16] local.INFO: Batch update cost request {"_token":"rDjnl4JN02cLhhFB8eOHyhJhwuhd9esxEd4kYb36","ids":["36987","36988","36989","36990","36991","36992","36993","36994","36995","36996"],"cost":"38.05"} 
[2026-07-15 15:12:26] local.INFO: Batch update cost request {"_token":"rDjnl4JN02cLhhFB8eOHyhJhwuhd9esxEd4kYb36","ids":["36997","36998"],"cost":"38.05"} 
[2026-07-15 15:28:19] local.INFO: Batch update cost request {"_token":"rDjnl4JN02cLhhFB8eOHyhJhwuhd9esxEd4kYb36","ids":["37003","37004","37005"],"cost":"1025.52"} 
[2026-07-15 15:28:36] local.INFO: Batch update cost request {"_token":"rDjnl4JN02cLhhFB8eOHyhJhwuhd9esxEd4kYb36","ids":["36999","37000","37001","37002"],"cost":"997.81"} 
[2026-07-15 15:31:02] local.INFO: Batch update cost request {"_token":"rDjnl4JN02cLhhFB8eOHyhJhwuhd9esxEd4kYb36","ids":["34525","37003","37004","37005"],"cost":"256.38"} 
[2026-07-15 15:31:26] local.INFO: Batch update cost request {"_token":"rDjnl4JN02cLhhFB8eOHyhJhwuhd9esxEd4kYb36","ids":["36999","37000","37001","37002"],"cost":"249.4525"} 
[2026-07-15 15:45:12] local.INFO: Batch update cost request {"_token":"rDjnl4JN02cLhhFB8eOHyhJhwuhd9esxEd4kYb36","ids":["4666","4667","4763"],"cost":"266.0825"} 
[2026-07-15 15:46:01] local.INFO: Batch update cost request {"_token":"rDjnl4JN02cLhhFB8eOHyhJhwuhd9esxEd4kYb36","ids":["7444","7676","7677","7678"],"cost":"242.5225"} 
